cat: '/sys/devices/system/cpu/cpu*/cpufreq/scaling_governor': No such file or directory
[Warning] [simulation_app.simulation_app] Modules: ['omni.core._core', 'omni.core', 'omni.str._str', 'omni.str', 'omni.log._log', 'omni.log'] were loaded before SimulationApp was started and might not be loaded correctly.
[Warning] [simulation_app.simulation_app] Please check to make sure no extra omniverse or pxr modules are imported before the call to SimulationApp(...)
[Info] [carb] Logging to file: /isaac-sim/kit/logs/Kit/Isaac-Sim/5.1/kit_20260620_140832.log
2026-06-20T14:08:33Z [894ms] [Warning] [carb.windowing-glfw.plugin] GLFW initialization failed.
2026-06-20T14:08:33Z [894ms] [Warning] [carb] Failed to startup plugin carb.windowing-glfw.plugin (interfaces: [carb::windowing::IGLContext v1.0],[carb::windowing::IWindowing v1.5]) (impl: carb.windowing-glfw.plugin)
2026-06-20T14:08:33Z [923ms] [Warning] [omni.platforminfo.plugin] failed to open the default display.  Can't verify X Server version.
2026-06-20T14:08:33Z [931ms] [Warning] [carb.cudainterop.plugin] CUDA_VISIBLE_DEVICES environment variable is set.
2026-06-20T14:08:33Z [931ms] [Warning] [carb.cudainterop.plugin] Note CUDA device enumeration and Omniverse device enumeration are different.
2026-06-20T14:08:33Z [931ms] [Warning] [carb.cudainterop.plugin] Setting CUDA_VISIBLE_DEVICES can lead to undesired behavior or crashes.

|---------------------------------------------------------------------------------------------|
| Driver Version: 580.167.08    | Graphics API: Vulkan
|=============================================================================================|
| GPU | Name                             | Active | LDA | GPU Memory | Vendor-ID | LUID       |
|     |                                  |        |     |            | Device-ID | UUID       |
|     |                                  |        |     |            | Bus-ID    |            |
|---------------------------------------------------------------------------------------------|
| 0   | NVIDIA L40S                      | Yes: 0 |     | 46068   MB | 10de      | 0          |
|     |                                  |        |     |            | 26b9      | e0aa0a6c.. |
|     |                                  |        |     |            | 34        |            |
|=============================================================================================|
| OS: 24.04.2 LTS (Noble Numbat) ubuntu, Version: 24.04.2, Kernel: 6.8.0-1057-aws
| Processor: AMD EPYC 7R13 Processor
| Cores: 8 | Logical Cores: 16
|---------------------------------------------------------------------------------------------|
| Total Memory (MB): 127095 | Free Memory: 123357
| Total Page/Swap (MB): 0 | Free Page/Swap: 0
|---------------------------------------------------------------------------------------------|
2026-06-20T14:08:41Z [9,076ms] [Warning] [gpu.foundation.plugin] ECC is enabled on physical device 0
2026-06-20T14:08:41Z [9,078ms] [Warning] [gpu.foundation.plugin] PCIe link width current (8) and maximum (16) for device 0 don't match.
2026-06-20T14:08:43Z [10,815ms] [Warning] [carb.windowing-glfw.plugin] GLFW initialization failed.
2026-06-20T14:08:43Z [10,815ms] [Warning] [carb] Failed to startup plugin carb.windowing-glfw.plugin (interfaces: [carb::windowing::IGLContext v1.0],[carb::windowing::IWindowing v1.5]) (impl: carb.windowing-glfw.plugin)
2026-06-20T14:08:44Z [12,286ms] [Warning] [carb.windowing-glfw.plugin] GLFW initialization failed.
2026-06-20T14:08:44Z [12,286ms] [Warning] [carb] Failed to startup plugin carb.windowing-glfw.plugin (interfaces: [carb::windowing::IGLContext v1.0],[carb::windowing::IWindowing v1.5]) (impl: carb.windowing-glfw.plugin)
2026-06-20T14:08:44Z [12,296ms] [Warning] [carb.windowing-glfw.plugin] GLFW initialization failed.
2026-06-20T14:08:44Z [12,296ms] [Warning] [carb] Failed to startup plugin carb.windowing-glfw.plugin (interfaces: [carb::windowing::IGLContext v1.0],[carb::windowing::IWindowing v1.5]) (impl: carb.windowing-glfw.plugin)
2026-06-20T14:08:44Z [12,335ms] [Warning] [carb.windowing-glfw.plugin] GLFW initialization failed.
2026-06-20T14:08:44Z [12,335ms] [Warning] [carb] Failed to startup plugin carb.windowing-glfw.plugin (interfaces: [carb::windowing::IGLContext v1.0],[carb::windowing::IWindowing v1.5]) (impl: carb.windowing-glfw.plugin)
[INFO][AppLauncher]: Using device: cuda:0
[INFO][AppLauncher]: Loading experience file: /workspace/isaaclab/apps/isaaclab.python.headless.rendering.kit
[INFO]: Parsing configuration from: robot_contact_assembly_tasks.tasks.manager_based.manipulation.peg_in_hole.config.franka.ik_rel_env_cfg:FrankaPegInHoleContactAbsEnvCfg_PLAY
[SCRIPTED] success gate xy<0.0050 z<0.0080 rot<0.1800 min_contact>=0.000
/isaac-sim/kit/python/lib/python3.11/site-packages/gymnasium/wrappers/rendering.py:296: UserWarning: [33mWARN: Overwriting existing videos at /workspace/robot-contact-assembly/artifacts/videos/real_isaac/2026-06-20T14-08-28Z-real-video/eval folder (try specifying a different `video_folder` for the `RecordVideo` wrapper if this is not desired)[0m
  logger.warn(
Setting seed: 42
[INFO]: Base environment:
	Environment device    : cuda:0
	Environment seed      : 42
	Physics step-size     : 0.016666666666666666
	Rendering step-size   : 0.03333333333333333
	Environment step-size : 0.03333333333333333
[INFO]: Time taken for scene creation : 3.001682 seconds
[INFO]: Scene manager:  <class InteractiveScene>
	Number of environments: 1
	Environment spacing   : 2.5
	Source prim name      : /World/envs/env_0
	Global prim paths     : []
	Replicate physics     : True
[INFO]: Starting the simulation. This may take a few seconds. Please wait...
[INFO]: Time taken for simulation start : 9.049773 seconds
[INFO] Command Manager:  <CommandManager> contains 1 active terms.
+------------------------------------------+
|           Active Command Terms           |
+-------+-------------+--------------------+
| Index | Name        |        Type        |
+-------+-------------+--------------------+
|   0   | socket_pose | UniformPoseCommand |
+-------+-------------+--------------------+

[INFO] Event Manager:  <EventManager> contains 1 active terms.
+-------------------------------------+
| Active Event Terms in Mode: 'reset' |
+---------+---------------------------+
|  Index  | Name                      |
+---------+---------------------------+
|    0    | reset_robot_joints        |
+---------+---------------------------+

[INFO] Recorder Manager:  <RecorderManager> contains 0 active terms.
+---------------------+
| Active Recorder Terms |
+-----------+---------+
|   Index   | Name    |
+-----------+---------+
+-----------+---------+

[INFO] Action Manager:  <ActionManager> contains 1 active terms.
+-----------------------------------+
|   Active Action Terms (shape: 7)  |
+--------+-------------+------------+
| Index  | Name        |  Dimension |
+--------+-------------+------------+
|   0    | arm_action  |          7 |
+--------+-------------+------------+

[INFO] Observation Manager: <ObservationManager> contains 1 groups.
+------------------------------------------------------------+
| Active Observation Terms in Group: 'policy' (shape: (43,)) |
+---------+----------------------------------------+---------+
|  Index  | Name                                   |  Shape  |
+---------+----------------------------------------+---------+
|    0    | joint_pos                              |   (9,)  |
|    1    | joint_vel                              |   (9,)  |
|    2    | socket_pose                            |   (7,)  |
|    3    | tip_to_socket_position                 |   (3,)  |
|    4    | tip_to_socket_orientation              |   (4,)  |
|    5    | peg_contact_force_socket               |   (3,)  |
|    6    | peg_contact_force_magnitude            |   (1,)  |
|    7    | actions                                |   (7,)  |
+---------+----------------------------------------+---------+

[INFO] Termination Manager:  <TerminationManager> contains 2 active terms.
+--------------------------------------+
|       Active Termination Terms       |
+-------+-------------------+----------+
| Index | Name              | Time Out |
+-------+-------------------+----------+
|   0   | time_out          |   True   |
|   1   | insertion_success |  False   |
+-------+-------------------+----------+

[INFO] Reward Manager:  <RewardManager> contains 8 active terms.
+----------------------------------------------+
|             Active Reward Terms              |
+-------+----------------------------+---------+
| Index | Name                       |  Weight |
+-------+----------------------------+---------+
|   0   | approach_pose              |     8.0 |
|   1   | tip_position_tracking      |     2.0 |
|   2   | tip_position_tracking_fine |     5.0 |
|   3   | tip_orientation_tracking   |     2.0 |
|   4   | insertion_progress         |     8.0 |
|   5   | insertion_success          |    40.0 |
|   6   | action_rate                | -0.0001 |
|   7   | joint_vel                  | -0.0001 |
+-------+----------------------------+---------+

[INFO] Curriculum Manager:  <CurriculumManager> contains 1 active terms.
+--------------------------+
| Active Curriculum Terms  |
+---------+----------------+
|  Index  | Name           |
+---------+----------------+
|    0    | action_rate    |
+---------+----------------+

[INFO]: Completed setting up the environment...
[SCRIPTED] recording video with viewport backend to /workspace/robot-contact-assembly/artifacts/videos/real_isaac/2026-06-20T14-08-28Z-real-video/eval (length=900)
[INFO]: Gym observation space: Dict('policy': Box(-inf, inf, (1, 43), float32))
[INFO]: Gym action space: Box(-inf, inf, (1, 7), float32)
[SCRIPTED] completed zero-action warmup steps=30
[SCRIPTED] tracing arm joints names=['panda_joint1', 'panda_joint2', 'panda_joint3', 'panda_joint4', 'panda_joint5', 'panda_joint6', 'panda_joint7'] ids=[0, 1, 2, 3, 4, 5, 6]
[SCRIPTED] entering control loop steps=900
[SCRIPTED] step=0000 lateral=0.2757 axial=0.1708 rot=1.2374 success_rate=0.000 success_xyzr=0/0/0 contact_ready=1 contact_force=0.000 action_tip_alignment=0.0000 position_ready=0.000 xy_ready=0.000 rotate_ready=0.000 insert_ready=0.000 depth_rot_polish=0.000 polish_ready=0.000 settle_ready=0.000 contact_retention=0.000 rotate_xy_recovery=0.000 descend_xy_recovery=0.000
[SCRIPTED] step=0025 lateral=0.1741 axial=0.2228 rot=1.2737 success_rate=0.000 success_xyzr=0/0/0 contact_ready=1 contact_force=0.000 action_tip_alignment=0.0000 position_ready=0.000 xy_ready=0.000 rotate_ready=0.000 insert_ready=0.000 depth_rot_polish=0.000 polish_ready=0.000 settle_ready=0.000 contact_retention=0.000 rotate_xy_recovery=0.000 descend_xy_recovery=0.000
[SCRIPTED] step=0050 lateral=0.1724 axial=0.2243 rot=1.2771 success_rate=0.000 success_xyzr=0/0/0 contact_ready=1 contact_force=0.000 action_tip_alignment=0.0000 position_ready=0.000 xy_ready=0.000 rotate_ready=0.000 insert_ready=0.000 depth_rot_polish=0.000 polish_ready=0.000 settle_ready=0.000 contact_retention=0.000 rotate_xy_recovery=0.000 descend_xy_recovery=0.000
[SCRIPTED] step=0075 lateral=0.1715 axial=0.2250 rot=1.2785 success_rate=0.000 success_xyzr=0/0/0 contact_ready=1 contact_force=0.000 action_tip_alignment=0.0000 position_ready=0.000 xy_ready=0.000 rotate_ready=0.000 insert_ready=0.000 depth_rot_polish=0.000 polish_ready=0.000 settle_ready=0.000 contact_retention=0.000 rotate_xy_recovery=0.000 descend_xy_recovery=0.000
[SCRIPTED] step=0100 lateral=0.1717 axial=0.2244 rot=1.2775 success_rate=0.000 success_xyzr=0/0/0 contact_ready=1 contact_force=0.000 action_tip_alignment=0.0000 position_ready=0.000 xy_ready=0.000 rotate_ready=0.000 insert_ready=0.000 depth_rot_polish=0.000 polish_ready=0.000 settle_ready=0.000 contact_retention=0.000 rotate_xy_recovery=0.000 descend_xy_recovery=0.000
[SCRIPTED] step=0125 lateral=0.1739 axial=0.2217 rot=1.2717 success_rate=0.000 success_xyzr=0/0/0 contact_ready=1 contact_force=0.000 action_tip_alignment=0.0000 position_ready=0.000 xy_ready=0.000 rotate_ready=0.000 insert_ready=0.000 depth_rot_polish=0.000 polish_ready=0.000 settle_ready=0.000 contact_retention=0.000 rotate_xy_recovery=0.000 descend_xy_recovery=0.000
[SCRIPTED] step=0150 lateral=0.1744 axial=0.2209 rot=1.2702 success_rate=0.000 success_xyzr=0/0/0 contact_ready=1 contact_force=0.000 action_tip_alignment=0.0000 position_ready=0.000 xy_ready=0.000 rotate_ready=0.000 insert_ready=0.000 depth_rot_polish=0.000 polish_ready=0.000 settle_ready=0.000 contact_retention=0.000 rotate_xy_recovery=0.000 descend_xy_recovery=0.000
[SCRIPTED] step=0175 lateral=0.1744 axial=0.2208 rot=1.2699 success_rate=0.000 success_xyzr=0/0/0 contact_ready=1 contact_force=0.000 action_tip_alignment=0.0000 position_ready=0.000 xy_ready=0.000 rotate_ready=0.000 insert_ready=0.000 depth_rot_polish=0.000 polish_ready=0.000 settle_ready=0.000 contact_retention=0.000 rotate_xy_recovery=0.000 descend_xy_recovery=0.000
[SCRIPTED] step=0200 lateral=0.1743 axial=0.2208 rot=1.2699 success_rate=0.000 success_xyzr=0/0/0 contact_ready=1 contact_force=0.000 action_tip_alignment=0.0000 position_ready=0.000 xy_ready=0.000 rotate_ready=0.000 insert_ready=0.000 depth_rot_polish=0.000 polish_ready=0.000 settle_ready=0.000 contact_retention=0.000 rotate_xy_recovery=0.000 descend_xy_recovery=0.000
[SCRIPTED] step=0225 lateral=0.1742 axial=0.2208 rot=1.2700 success_rate=0.000 success_xyzr=0/0/0 contact_ready=1 contact_force=0.000 action_tip_alignment=0.0000 position_ready=0.000 xy_ready=0.000 rotate_ready=0.000 insert_ready=0.000 depth_rot_polish=0.000 polish_ready=0.000 settle_ready=0.000 contact_retention=0.000 rotate_xy_recovery=0.000 descend_xy_recovery=0.000
[SCRIPTED] step=0250 lateral=0.1741 axial=0.2208 rot=1.2701 success_rate=0.000 success_xyzr=0/0/0 contact_ready=1 contact_force=0.000 action_tip_alignment=0.0000 position_ready=0.000 xy_ready=0.000 rotate_ready=0.000 insert_ready=0.000 depth_rot_polish=0.000 polish_ready=0.000 settle_ready=0.000 contact_retention=0.000 rotate_xy_recovery=0.000 descend_xy_recovery=0.000
[SCRIPTED] step=0275 lateral=0.1739 axial=0.2209 rot=1.2702 success_rate=0.000 success_xyzr=0/0/0 contact_ready=1 contact_force=0.000 action_tip_alignment=0.0000 position_ready=0.000 xy_ready=0.000 rotate_ready=0.000 insert_ready=0.000 depth_rot_polish=0.000 polish_ready=0.000 settle_ready=0.000 contact_retention=0.000 rotate_xy_recovery=0.000 descend_xy_recovery=0.000
[SCRIPTED] step=0300 lateral=0.1738 axial=0.2209 rot=1.2703 success_rate=0.000 success_xyzr=0/0/0 contact_ready=1 contact_force=0.000 action_tip_alignment=0.0000 position_ready=0.000 xy_ready=0.000 rotate_ready=0.000 insert_ready=0.000 depth_rot_polish=0.000 polish_ready=0.000 settle_ready=0.000 contact_retention=0.000 rotate_xy_recovery=0.000 descend_xy_recovery=0.000
[SCRIPTED] step=0325 lateral=0.1737 axial=0.2209 rot=1.2704 success_rate=0.000 success_xyzr=0/0/0 contact_ready=1 contact_force=0.000 action_tip_alignment=0.0000 position_ready=0.000 xy_ready=0.000 rotate_ready=0.000 insert_ready=0.000 depth_rot_polish=0.000 polish_ready=0.000 settle_ready=0.000 contact_retention=0.000 rotate_xy_recovery=0.000 descend_xy_recovery=0.000
[SCRIPTED] step=0350 lateral=0.1736 axial=0.2210 rot=1.2706 success_rate=0.000 success_xyzr=0/0/0 contact_ready=1 contact_force=0.000 action_tip_alignment=0.0000 position_ready=0.000 xy_ready=0.000 rotate_ready=0.000 insert_ready=0.000 depth_rot_polish=0.000 polish_ready=0.000 settle_ready=0.000 contact_retention=0.000 rotate_xy_recovery=0.000 descend_xy_recovery=0.000
[SCRIPTED] step=0375 lateral=0.1735 axial=0.2210 rot=1.2707 success_rate=0.000 success_xyzr=0/0/0 contact_ready=1 contact_force=0.000 action_tip_alignment=0.0000 position_ready=0.000 xy_ready=0.000 rotate_ready=0.000 insert_ready=0.000 depth_rot_polish=0.000 polish_ready=0.000 settle_ready=0.000 contact_retention=0.000 rotate_xy_recovery=0.000 descend_xy_recovery=0.000
[SCRIPTED] step=0400 lateral=0.1733 axial=0.2210 rot=1.2708 success_rate=0.000 success_xyzr=0/0/0 contact_ready=1 contact_force=0.000 action_tip_alignment=0.0000 position_ready=0.000 xy_ready=0.000 rotate_ready=0.000 insert_ready=0.000 depth_rot_polish=0.000 polish_ready=0.000 settle_ready=0.000 contact_retention=0.000 rotate_xy_recovery=0.000 descend_xy_recovery=0.000
[SCRIPTED] step=0425 lateral=0.1732 axial=0.2211 rot=1.2709 success_rate=0.000 success_xyzr=0/0/0 contact_ready=1 contact_force=0.000 action_tip_alignment=0.0000 position_ready=0.000 xy_ready=0.000 rotate_ready=0.000 insert_ready=0.000 depth_rot_polish=0.000 polish_ready=0.000 settle_ready=0.000 contact_retention=0.000 rotate_xy_recovery=0.000 descend_xy_recovery=0.000
[SCRIPTED] step=0450 lateral=0.1731 axial=0.2211 rot=1.2710 success_rate=0.000 success_xyzr=0/0/0 contact_ready=1 contact_force=0.000 action_tip_alignment=0.0000 position_ready=0.000 xy_ready=0.000 rotate_ready=0.000 insert_ready=0.000 depth_rot_polish=0.000 polish_ready=0.000 settle_ready=0.000 contact_retention=0.000 rotate_xy_recovery=0.000 descend_xy_recovery=0.000
[SCRIPTED] step=0475 lateral=0.1730 axial=0.2212 rot=1.2711 success_rate=0.000 success_xyzr=0/0/0 contact_ready=1 contact_force=0.000 action_tip_alignment=0.0000 position_ready=0.000 xy_ready=0.000 rotate_ready=0.000 insert_ready=0.000 depth_rot_polish=0.000 polish_ready=0.000 settle_ready=0.000 contact_retention=0.000 rotate_xy_recovery=0.000 descend_xy_recovery=0.000
[SCRIPTED] step=0500 lateral=0.1729 axial=0.2212 rot=1.2712 success_rate=0.000 success_xyzr=0/0/0 contact_ready=1 contact_force=0.000 action_tip_alignment=0.0000 position_ready=0.000 xy_ready=0.000 rotate_ready=0.000 insert_ready=0.000 depth_rot_polish=0.000 polish_ready=0.000 settle_ready=0.000 contact_retention=0.000 rotate_xy_recovery=0.000 descend_xy_recovery=0.000
[SCRIPTED] step=0525 lateral=0.1728 axial=0.2212 rot=1.2713 success_rate=0.000 success_xyzr=0/0/0 contact_ready=1 contact_force=0.000 action_tip_alignment=0.0000 position_ready=0.000 xy_ready=0.000 rotate_ready=0.000 insert_ready=0.000 depth_rot_polish=0.000 polish_ready=0.000 settle_ready=0.000 contact_retention=0.000 rotate_xy_recovery=0.000 descend_xy_recovery=0.000
[SCRIPTED] step=0550 lateral=0.1726 axial=0.2213 rot=1.2714 success_rate=0.000 success_xyzr=0/0/0 contact_ready=1 contact_force=0.000 action_tip_alignment=0.0000 position_ready=0.000 xy_ready=0.000 rotate_ready=0.000 insert_ready=0.000 depth_rot_polish=0.000 polish_ready=0.000 settle_ready=0.000 contact_retention=0.000 rotate_xy_recovery=0.000 descend_xy_recovery=0.000
[SCRIPTED] step=0575 lateral=0.1725 axial=0.2213 rot=1.2715 success_rate=0.000 success_xyzr=0/0/0 contact_ready=1 contact_force=0.000 action_tip_alignment=0.0000 position_ready=0.000 xy_ready=0.000 rotate_ready=0.000 insert_ready=0.000 depth_rot_polish=0.000 polish_ready=0.000 settle_ready=0.000 contact_retention=0.000 rotate_xy_recovery=0.000 descend_xy_recovery=0.000
[SCRIPTED] step=0600 lateral=0.1724 axial=0.2213 rot=1.2716 success_rate=0.000 success_xyzr=0/0/0 contact_ready=1 contact_force=0.000 action_tip_alignment=0.0000 position_ready=0.000 xy_ready=0.000 rotate_ready=0.000 insert_ready=0.000 depth_rot_polish=0.000 polish_ready=0.000 settle_ready=0.000 contact_retention=0.000 rotate_xy_recovery=0.000 descend_xy_recovery=0.000
[SCRIPTED] step=0625 lateral=0.1723 axial=0.2214 rot=1.2717 success_rate=0.000 success_xyzr=0/0/0 contact_ready=1 contact_force=0.000 action_tip_alignment=0.0000 position_ready=0.000 xy_ready=0.000 rotate_ready=0.000 insert_ready=0.000 depth_rot_polish=0.000 polish_ready=0.000 settle_ready=0.000 contact_retention=0.000 rotate_xy_recovery=0.000 descend_xy_recovery=0.000
[SCRIPTED] step=0650 lateral=0.1722 axial=0.2214 rot=1.2718 success_rate=0.000 success_xyzr=0/0/0 contact_ready=1 contact_force=0.000 action_tip_alignment=0.0000 position_ready=0.000 xy_ready=0.000 rotate_ready=0.000 insert_ready=0.000 depth_rot_polish=0.000 polish_ready=0.000 settle_ready=0.000 contact_retention=0.000 rotate_xy_recovery=0.000 descend_xy_recovery=0.000
[SCRIPTED] step=0675 lateral=0.1720 axial=0.2215 rot=1.2719 success_rate=0.000 success_xyzr=0/0/0 contact_ready=1 contact_force=0.000 action_tip_alignment=0.0000 position_ready=0.000 xy_ready=0.000 rotate_ready=0.000 insert_ready=0.000 depth_rot_polish=0.000 polish_ready=0.000 settle_ready=0.000 contact_retention=0.000 rotate_xy_recovery=0.000 descend_xy_recovery=0.000
[SCRIPTED] step=0700 lateral=0.1719 axial=0.2215 rot=1.2720 success_rate=0.000 success_xyzr=0/0/0 contact_ready=1 contact_force=0.000 action_tip_alignment=0.0000 position_ready=0.000 xy_ready=0.000 rotate_ready=0.000 insert_ready=0.000 depth_rot_polish=0.000 polish_ready=0.000 settle_ready=0.000 contact_retention=0.000 rotate_xy_recovery=0.000 descend_xy_recovery=0.000
[SCRIPTED] step=0725 lateral=0.1718 axial=0.2215 rot=1.2721 success_rate=0.000 success_xyzr=0/0/0 contact_ready=1 contact_force=0.000 action_tip_alignment=0.0000 position_ready=0.000 xy_ready=0.000 rotate_ready=0.000 insert_ready=0.000 depth_rot_polish=0.000 polish_ready=0.000 settle_ready=0.000 contact_retention=0.000 rotate_xy_recovery=0.000 descend_xy_recovery=0.000
[SCRIPTED] step=0750 lateral=0.1717 axial=0.2216 rot=1.2722 success_rate=0.000 success_xyzr=0/0/0 contact_ready=1 contact_force=0.000 action_tip_alignment=0.0000 position_ready=0.000 xy_ready=0.000 rotate_ready=0.000 insert_ready=0.000 depth_rot_polish=0.000 polish_ready=0.000 settle_ready=0.000 contact_retention=0.000 rotate_xy_recovery=0.000 descend_xy_recovery=0.000
[SCRIPTED] step=0775 lateral=0.1716 axial=0.2216 rot=1.2723 success_rate=0.000 success_xyzr=0/0/0 contact_ready=1 contact_force=0.000 action_tip_alignment=0.0000 position_ready=0.000 xy_ready=0.000 rotate_ready=0.000 insert_ready=0.000 depth_rot_polish=0.000 polish_ready=0.000 settle_ready=0.000 contact_retention=0.000 rotate_xy_recovery=0.000 descend_xy_recovery=0.000
[SCRIPTED] step=0800 lateral=0.1715 axial=0.2216 rot=1.2724 success_rate=0.000 success_xyzr=0/0/0 contact_ready=1 contact_force=0.000 action_tip_alignment=0.0000 position_ready=0.000 xy_ready=0.000 rotate_ready=0.000 insert_ready=0.000 depth_rot_polish=0.000 polish_ready=0.000 settle_ready=0.000 contact_retention=0.000 rotate_xy_recovery=0.000 descend_xy_recovery=0.000
[SCRIPTED] step=0825 lateral=0.1714 axial=0.2216 rot=1.2724 success_rate=0.000 success_xyzr=0/0/0 contact_ready=1 contact_force=0.000 action_tip_alignment=0.0000 position_ready=0.000 xy_ready=0.000 rotate_ready=0.000 insert_ready=0.000 depth_rot_polish=0.000 polish_ready=0.000 settle_ready=0.000 contact_retention=0.000 rotate_xy_recovery=0.000 descend_xy_recovery=0.000
[SCRIPTED] step=0850 lateral=0.1713 axial=0.2216 rot=1.2725 success_rate=0.000 success_xyzr=0/0/0 contact_ready=1 contact_force=0.000 action_tip_alignment=0.0000 position_ready=0.000 xy_ready=0.000 rotate_ready=0.000 insert_ready=0.000 depth_rot_polish=0.000 polish_ready=0.000 settle_ready=0.000 contact_retention=0.000 rotate_xy_recovery=0.000 descend_xy_recovery=0.000
[SCRIPTED] step=0875 lateral=0.1712 axial=0.2216 rot=1.2725 success_rate=0.000 success_xyzr=0/0/0 contact_ready=1 contact_force=0.000 action_tip_alignment=0.0000 position_ready=0.000 xy_ready=0.000 rotate_ready=0.000 insert_ready=0.000 depth_rot_polish=0.000 polish_ready=0.000 settle_ready=0.000 contact_retention=0.000 rotate_xy_recovery=0.000 descend_xy_recovery=0.000
[SCRIPTED] step=0899 lateral=0.1711 axial=0.2217 rot=1.2726 success_rate=0.000 success_xyzr=0/0/0 contact_ready=1 contact_force=0.000 action_tip_alignment=0.0000 position_ready=0.000 xy_ready=0.000 rotate_ready=0.000 insert_ready=0.000 depth_rot_polish=0.000 polish_ready=0.000 settle_ready=0.000 contact_retention=0.000 rotate_xy_recovery=0.000 descend_xy_recovery=0.000
[SCRIPTED] summary seed=42 initial_lateral=0.2757 final_lateral=0.1711 initial_axial=0.1708 final_axial=0.2217 initial_rot=1.2374 final_rot=1.2726 best_lateral=0.1711@899 best_axial=0.1708@0 best_rot=1.2374@0 best_action_tip_alignment=0.0000@0 max_contact_force=0.000@None final_success_rate=0.000 success_step=None
[SCRIPTED] wrote summary to /workspace/robot-contact-assembly/artifacts/videos/real_isaac/2026-06-20T14-08-28Z-real-video/video_summary.json
2026-06-20T14:08:44Z [12,338ms] [Warning] [carb.windowing-glfw.plugin] GLFW initialization failed.
2026-06-20T14:08:44Z [12,338ms] [Warning] [carb] Failed to startup plugin carb.windowing-glfw.plugin (interfaces: [carb::windowing::IGLContext v1.0],[carb::windowing::IWindowing v1.5]) (impl: carb.windowing-glfw.plugin)
2026-06-20T14:08:44Z [12,339ms] [Warning] [carb.windowing-glfw.plugin] GLFW initialization failed.
2026-06-20T14:08:44Z [12,339ms] [Warning] [carb] Failed to startup plugin carb.windowing-glfw.plugin (interfaces: [carb::windowing::IGLContext v1.0],[carb::windowing::IWindowing v1.5]) (impl: carb.windowing-glfw.plugin)
2026-06-20T14:08:45Z [12,989ms] [Warning] [omni.log] Source: omni.hydra was already registered.
2026-06-20T14:08:47Z [14,734ms] [Warning] [carb] Acquiring non optional plugin interface which is not listed as dependency: [omni::physx::IPhysxBenchmarks v1.0] (plugin: <default plugin>), by client: omni.physics.physx.plugin. Add it to CARB_PLUGIN_IMPL_DEPS() macro of a client.
2026-06-20T14:08:47Z [14,779ms] [Warning] [omni.isaac.dynamic_control] omni.isaac.dynamic_control is deprecated as of Isaac Sim 4.5. No action is needed from end-users.
2026-06-20T14:08:48Z [16,590ms] [Warning] [pxr.Semantics] pxr.Semantics is deprecated - please use Semantics instead
2026-06-20T14:08:49Z [16,859ms] [Warning] [omni.graph.core.plugin] Found duplicate of category 'Replicator' - was 'Annotators', adding 'Fabric Reader'
2026-06-20T14:08:49Z [16,859ms] [Warning] [omni.graph.core.plugin] Category 'Replicator' not accepted on node type 'omni.replicator.core.FabricReader' in extension 'omni.replicator.core'
2026-06-20T14:08:49Z [16,861ms] [Warning] [omni.replicator.core.scripts.extension] No material configuration file, adding configuration to material settings directly.
2026-06-20T14:09:36Z [63,867ms] [Warning] [omni.fabric.plugin] Warning: attribute viewportHandle not found for bucket id 7

2026-06-20T14:11:03Z [151,335ms] [Warning] [omni.physx.fabric.plugin] FabricManager::initializePointInstancer mismatched prototypes on point instancer: /Visuals/Command/body_pose.
2026-06-20T14:11:03Z [151,335ms] [Warning] [omni.physx.fabric.plugin] FabricManager::initializePointInstancer mismatched prototypes on point instancer: /Visuals/Command/goal_pose.
2026-06-20T14:11:04Z [151,931ms] [Warning] [omni.physx.fabric.plugin] FabricManager::initializePointInstancer mismatched prototypes on point instancer: /Visuals/Command/body_pose.
2026-06-20T14:11:04Z [151,931ms] [Warning] [omni.physx.fabric.plugin] FabricManager::initializePointInstancer mismatched prototypes on point instancer: /Visuals/Command/goal_pose.
2026-06-20T14:11:04Z [152,013ms] [Warning] [omni.syntheticdata.plugin] OgnSdPostRenderVarToHost : rendervar copy from texture directly to host buffer is counter-performant. Please use copy from texture to device buffer first.
2026-06-20T14:11:08Z [155,830ms] [Warning] [carb] Client gpu.foundation.plugin has acquired [gpu::unstable::IMemoryBudgetManagerFactory v0.1] 100 times. Consider accessing this interface with carb::getCachedInterface() (Performance warning)
